Archive member included to satisfy reference by file (symbol)

d:/atmelstudio/7.0/toolchain/avr8/avr8-gnu-toolchain/bin/../lib/gcc/avr/5.4.0/avr5\libgcc.a(_exit.o)
                              D:/AtmelStudio/7.0/Packs/atmel/ATmega_DFP/1.3.300/gcc/dev/atmega32u4/avr5/crtatmega32u4.o (exit)
d:/atmelstudio/7.0/toolchain/avr8/avr8-gnu-toolchain/bin/../lib/gcc/avr/5.4.0/avr5\libgcc.a(_tablejump2.o)
                              AvrUsbCore.o (__tablejump2__)
d:/atmelstudio/7.0/toolchain/avr8/avr8-gnu-toolchain/bin/../lib/gcc/avr/5.4.0/avr5\libgcc.a(_copy_data.o)
                              AvrUsbCore.o (__do_copy_data)
d:/atmelstudio/7.0/toolchain/avr8/avr8-gnu-toolchain/bin/../lib/gcc/avr/5.4.0/avr5\libgcc.a(_clear_bss.o)
                              AvrUsbCore.o (__do_clear_bss)
d:/atmelstudio/7.0/toolchain/avr8/avr8-gnu-toolchain/bin/../lib/gcc/avr/5.4.0/avr5\libgcc.a(_ctors.o)
                              AvrUsbCore.o (__do_global_ctors)

Discarded input sections

 .data          0x00000000        0x0 D:/AtmelStudio/7.0/Packs/atmel/ATmega_DFP/1.3.300/gcc/dev/atmega32u4/avr5/crtatmega32u4.o
 .bss           0x00000000        0x0 D:/AtmelStudio/7.0/Packs/atmel/ATmega_DFP/1.3.300/gcc/dev/atmega32u4/avr5/crtatmega32u4.o
 .text          0x00000000        0x0 SoftwareSpi.o
 .data          0x00000000        0x0 SoftwareSpi.o
 .bss           0x00000000        0x0 SoftwareSpi.o
 .text._Z7sspi_csb
                0x00000000        0xc SoftwareSpi.o
 .text          0x00000000        0x0 AvrUsbCore.o
 .data          0x00000000        0x0 AvrUsbCore.o
 .bss           0x00000000        0x0 AvrUsbCore.o
 .text._Z19ClearSetupInterruptv
                0x00000000        0x8 AvrUsbCore.o
 .text._Z11SetEndpointc
                0x00000000        0x6 AvrUsbCore.o
 .text._Z8SendBytec
                0x00000000        0x6 AvrUsbCore.o
 .text._Z9SendByteshPch
                0x00000000       0x26 AvrUsbCore.o
 .text._Z7CleanINv
                0x00000000        0x8 AvrUsbCore.o
 .text._Z8ClearOUTv
                0x00000000        0x8 AvrUsbCore.o
 .rodata        0x00000000       0x10 AvrUsbCore.o
 .text._Z13CDC_Send_Byteh
                0x00000000       0x72 AvrUsbCore.o
 .text          0x00000000        0x0 main.o
 .data          0x00000000        0x0 main.o
 .bss           0x00000000        0x0 main.o
 .bss._ZL14_cdcBreakValue
                0x00000000        0x2 main.o
 .data._ZL12_usbLineInfo
                0x00000000        0x8 main.o
 .text          0x00000000        0x0 SDCard.o
 .data          0x00000000        0x0 SDCard.o
 .bss           0x00000000        0x0 SDCard.o
 .text._Z29sd_spi_driver_readSingleBlockm
                0x00000000       0x4c SDCard.o
 .text._Z30sd_spi_driver_writeSingleBlockm
                0x00000000       0x7c SDCard.o
 .text          0x00000000        0x0 SSpiDebug.o
 .data          0x00000000        0x0 SSpiDebug.o
 .bss           0x00000000        0x0 SSpiDebug.o
 .text._Z11debug_bytesPcj
                0x00000000       0x3a SSpiDebug.o
 .text._Z15debug_usb_setuphhjj
                0x00000000       0xb0 SSpiDebug.o
 .text          0x00000000        0x0 d:/atmelstudio/7.0/toolchain/avr8/avr8-gnu-toolchain/bin/../lib/gcc/avr/5.4.0/avr5\libgcc.a(_exit.o)
 .data          0x00000000        0x0 d:/atmelstudio/7.0/toolchain/avr8/avr8-gnu-toolchain/bin/../lib/gcc/avr/5.4.0/avr5\libgcc.a(_exit.o)
 .bss           0x00000000        0x0 d:/atmelstudio/7.0/toolchain/avr8/avr8-gnu-toolchain/bin/../lib/gcc/avr/5.4.0/avr5\libgcc.a(_exit.o)
 .text.libgcc.mul
                0x00000000        0x0 d:/atmelstudio/7.0/toolchain/avr8/avr8-gnu-toolchain/bin/../lib/gcc/avr/5.4.0/avr5\libgcc.a(_exit.o)
 .text.libgcc.div
                0x00000000        0x0 d:/atmelstudio/7.0/toolchain/avr8/avr8-gnu-toolchain/bin/../lib/gcc/avr/5.4.0/avr5\libgcc.a(_exit.o)
 .text.libgcc   0x00000000        0x0 d:/atmelstudio/7.0/toolchain/avr8/avr8-gnu-toolchain/bin/../lib/gcc/avr/5.4.0/avr5\libgcc.a(_exit.o)
 .text.libgcc.prologue
                0x00000000        0x0 d:/atmelstudio/7.0/toolchain/avr8/avr8-gnu-toolchain/bin/../lib/gcc/avr/5.4.0/avr5\libgcc.a(_exit.o)
 .text.libgcc.builtins
                0x00000000        0x0 d:/atmelstudio/7.0/toolchain/avr8/avr8-gnu-toolchain/bin/../lib/gcc/avr/5.4.0/avr5\libgcc.a(_exit.o)
 .text.libgcc.fmul
                0x00000000        0x0 d:/atmelstudio/7.0/toolchain/avr8/avr8-gnu-toolchain/bin/../lib/gcc/avr/5.4.0/avr5\libgcc.a(_exit.o)
 .text.libgcc.fixed
                0x00000000        0x0 d:/atmelstudio/7.0/toolchain/avr8/avr8-gnu-toolchain/bin/../lib/gcc/avr/5.4.0/avr5\libgcc.a(_exit.o)
 .text          0x00000000        0x0 d:/atmelstudio/7.0/toolchain/avr8/avr8-gnu-toolchain/bin/../lib/gcc/avr/5.4.0/avr5\libgcc.a(_tablejump2.o)
 .data          0x00000000        0x0 d:/atmelstudio/7.0/toolchain/avr8/avr8-gnu-toolchain/bin/../lib/gcc/avr/5.4.0/avr5\libgcc.a(_tablejump2.o)
 .bss           0x00000000        0x0 d:/atmelstudio/7.0/toolchain/avr8/avr8-gnu-toolchain/bin/../lib/gcc/avr/5.4.0/avr5\libgcc.a(_tablejump2.o)
 .text.libgcc.mul
                0x00000000        0x0 d:/atmelstudio/7.0/toolchain/avr8/avr8-gnu-toolchain/bin/../lib/gcc/avr/5.4.0/avr5\libgcc.a(_tablejump2.o)
 .text.libgcc.div
                0x00000000        0x0 d:/atmelstudio/7.0/toolchain/avr8/avr8-gnu-toolchain/bin/../lib/gcc/avr/5.4.0/avr5\libgcc.a(_tablejump2.o)
 .text.libgcc.prologue
                0x00000000        0x0 d:/atmelstudio/7.0/toolchain/avr8/avr8-gnu-toolchain/bin/../lib/gcc/avr/5.4.0/avr5\libgcc.a(_tablejump2.o)
 .text.libgcc.builtins
                0x00000000        0x0 d:/atmelstudio/7.0/toolchain/avr8/avr8-gnu-toolchain/bin/../lib/gcc/avr/5.4.0/avr5\libgcc.a(_tablejump2.o)
 .text.libgcc.fmul
                0x00000000        0x0 d:/atmelstudio/7.0/toolchain/avr8/avr8-gnu-toolchain/bin/../lib/gcc/avr/5.4.0/avr5\libgcc.a(_tablejump2.o)
 .text.libgcc.fixed
                0x00000000        0x0 d:/atmelstudio/7.0/toolchain/avr8/avr8-gnu-toolchain/bin/../lib/gcc/avr/5.4.0/avr5\libgcc.a(_tablejump2.o)
 .text          0x00000000        0x0 d:/atmelstudio/7.0/toolchain/avr8/avr8-gnu-toolchain/bin/../lib/gcc/avr/5.4.0/avr5\libgcc.a(_copy_data.o)
 .data          0x00000000        0x0 d:/atmelstudio/7.0/toolchain/avr8/avr8-gnu-toolchain/bin/../lib/gcc/avr/5.4.0/avr5\libgcc.a(_copy_data.o)
 .bss           0x00000000        0x0 d:/atmelstudio/7.0/toolchain/avr8/avr8-gnu-toolchain/bin/../lib/gcc/avr/5.4.0/avr5\libgcc.a(_copy_data.o)
 .text.libgcc.mul
                0x00000000        0x0 d:/atmelstudio/7.0/toolchain/avr8/avr8-gnu-toolchain/bin/../lib/gcc/avr/5.4.0/avr5\libgcc.a(_copy_data.o)
 .text.libgcc.div
                0x00000000        0x0 d:/atmelstudio/7.0/toolchain/avr8/avr8-gnu-toolchain/bin/../lib/gcc/avr/5.4.0/avr5\libgcc.a(_copy_data.o)
 .text.libgcc   0x00000000        0x0 d:/atmelstudio/7.0/toolchain/avr8/avr8-gnu-toolchain/bin/../lib/gcc/avr/5.4.0/avr5\libgcc.a(_copy_data.o)
 .text.libgcc.prologue
                0x00000000        0x0 d:/atmelstudio/7.0/toolchain/avr8/avr8-gnu-toolchain/bin/../lib/gcc/avr/5.4.0/avr5\libgcc.a(_copy_data.o)
 .text.libgcc.builtins
                0x00000000        0x0 d:/atmelstudio/7.0/toolchain/avr8/avr8-gnu-toolchain/bin/../lib/gcc/avr/5.4.0/avr5\libgcc.a(_copy_data.o)
 .text.libgcc.fmul
                0x00000000        0x0 d:/atmelstudio/7.0/toolchain/avr8/avr8-gnu-toolchain/bin/../lib/gcc/avr/5.4.0/avr5\libgcc.a(_copy_data.o)
 .text.libgcc.fixed
                0x00000000        0x0 d:/atmelstudio/7.0/toolchain/avr8/avr8-gnu-toolchain/bin/../lib/gcc/avr/5.4.0/avr5\libgcc.a(_copy_data.o)
 .text          0x00000000        0x0 d:/atmelstudio/7.0/toolchain/avr8/avr8-gnu-toolchain/bin/../lib/gcc/avr/5.4.0/avr5\libgcc.a(_clear_bss.o)
 .data          0x00000000        0x0 d:/atmelstudio/7.0/toolchain/avr8/avr8-gnu-toolchain/bin/../lib/gcc/avr/5.4.0/avr5\libgcc.a(_clear_bss.o)
 .bss           0x00000000        0x0 d:/atmelstudio/7.0/toolchain/avr8/avr8-gnu-toolchain/bin/../lib/gcc/avr/5.4.0/avr5\libgcc.a(_clear_bss.o)
 .text.libgcc.mul
                0x00000000        0x0 d:/atmelstudio/7.0/toolchain/avr8/avr8-gnu-toolchain/bin/../lib/gcc/avr/5.4.0/avr5\libgcc.a(_clear_bss.o)
 .text.libgcc.div
                0x00000000        0x0 d:/atmelstudio/7.0/toolchain/avr8/avr8-gnu-toolchain/bin/../lib/gcc/avr/5.4.0/avr5\libgcc.a(_clear_bss.o)
 .text.libgcc   0x00000000        0x0 d:/atmelstudio/7.0/toolchain/avr8/avr8-gnu-toolchain/bin/../lib/gcc/avr/5.4.0/avr5\libgcc.a(_clear_bss.o)
 .text.libgcc.prologue
                0x00000000        0x0 d:/atmelstudio/7.0/toolchain/avr8/avr8-gnu-toolchain/bin/../lib/gcc/avr/5.4.0/avr5\libgcc.a(_clear_bss.o)
 .text.libgcc.builtins
                0x00000000        0x0 d:/atmelstudio/7.0/toolchain/avr8/avr8-gnu-toolchain/bin/../lib/gcc/avr/5.4.0/avr5\libgcc.a(_clear_bss.o)
 .text.libgcc.fmul
                0x00000000        0x0 d:/atmelstudio/7.0/toolchain/avr8/avr8-gnu-toolchain/bin/../lib/gcc/avr/5.4.0/avr5\libgcc.a(_clear_bss.o)
 .text.libgcc.fixed
                0x00000000        0x0 d:/atmelstudio/7.0/toolchain/avr8/avr8-gnu-toolchain/bin/../lib/gcc/avr/5.4.0/avr5\libgcc.a(_clear_bss.o)
 .text          0x00000000        0x0 d:/atmelstudio/7.0/toolchain/avr8/avr8-gnu-toolchain/bin/../lib/gcc/avr/5.4.0/avr5\libgcc.a(_ctors.o)
 .data          0x00000000        0x0 d:/atmelstudio/7.0/toolchain/avr8/avr8-gnu-toolchain/bin/../lib/gcc/avr/5.4.0/avr5\libgcc.a(_ctors.o)
 .bss           0x00000000        0x0 d:/atmelstudio/7.0/toolchain/avr8/avr8-gnu-toolchain/bin/../lib/gcc/avr/5.4.0/avr5\libgcc.a(_ctors.o)
 .text.libgcc.mul
                0x00000000        0x0 d:/atmelstudio/7.0/toolchain/avr8/avr8-gnu-toolchain/bin/../lib/gcc/avr/5.4.0/avr5\libgcc.a(_ctors.o)
 .text.libgcc.div
                0x00000000        0x0 d:/atmelstudio/7.0/toolchain/avr8/avr8-gnu-toolchain/bin/../lib/gcc/avr/5.4.0/avr5\libgcc.a(_ctors.o)
 .text.libgcc   0x00000000        0x0 d:/atmelstudio/7.0/toolchain/avr8/avr8-gnu-toolchain/bin/../lib/gcc/avr/5.4.0/avr5\libgcc.a(_ctors.o)
 .text.libgcc.prologue
                0x00000000        0x0 d:/atmelstudio/7.0/toolchain/avr8/avr8-gnu-toolchain/bin/../lib/gcc/avr/5.4.0/avr5\libgcc.a(_ctors.o)
 .text.libgcc.builtins
                0x00000000        0x0 d:/atmelstudio/7.0/toolchain/avr8/avr8-gnu-toolchain/bin/../lib/gcc/avr/5.4.0/avr5\libgcc.a(_ctors.o)
 .text.libgcc.fmul
                0x00000000        0x0 d:/atmelstudio/7.0/toolchain/avr8/avr8-gnu-toolchain/bin/../lib/gcc/avr/5.4.0/avr5\libgcc.a(_ctors.o)
 .text.libgcc.fixed
                0x00000000        0x0 d:/atmelstudio/7.0/toolchain/avr8/avr8-gnu-toolchain/bin/../lib/gcc/avr/5.4.0/avr5\libgcc.a(_ctors.o)

Memory Configuration

Name             Origin             Length             Attributes
text             0x00000000         0x00020000         xr
data             0x00800060         0x0000ffa0         rw !x
eeprom           0x00810000         0x00010000         rw !x
fuse             0x00820000         0x00000003         rw !x
lock             0x00830000         0x00000400         rw !x
signature        0x00840000         0x00000400         rw !x
user_signatures  0x00850000         0x00000400         rw !x
*default*        0x00000000         0xffffffff

Linker script and memory map

Address of section .data set to 0x800100
LOAD D:/AtmelStudio/7.0/Packs/atmel/ATmega_DFP/1.3.300/gcc/dev/atmega32u4/avr5/crtatmega32u4.o
LOAD SoftwareSpi.o
LOAD AvrUsbCore.o
LOAD main.o
LOAD SDCard.o
LOAD SSpiDebug.o
START GROUP
LOAD d:/atmelstudio/7.0/toolchain/avr8/avr8-gnu-toolchain/bin/../lib/gcc/avr/5.4.0/../../../../avr/lib/avr5\libm.a
END GROUP
LOAD d:/atmelstudio/7.0/toolchain/avr8/avr8-gnu-toolchain/bin/../lib/gcc/avr/5.4.0/avr5\libgcc.a
LOAD d:/atmelstudio/7.0/toolchain/avr8/avr8-gnu-toolchain/bin/../lib/gcc/avr/5.4.0/../../../../avr/lib/avr5\libm.a
START GROUP
LOAD d:/atmelstudio/7.0/toolchain/avr8/avr8-gnu-toolchain/bin/../lib/gcc/avr/5.4.0/avr5\libgcc.a
LOAD d:/atmelstudio/7.0/toolchain/avr8/avr8-gnu-toolchain/bin/../lib/gcc/avr/5.4.0/../../../../avr/lib/avr5\libm.a
LOAD d:/atmelstudio/7.0/toolchain/avr8/avr8-gnu-toolchain/bin/../lib/gcc/avr/5.4.0/../../../../avr/lib/avr5\libc.a
LOAD D:/AtmelStudio/7.0/Packs/atmel/ATmega_DFP/1.3.300/gcc/dev/atmega32u4/avr5\libatmega32u4.a
END GROUP
                0x00000000                __TEXT_REGION_ORIGIN__ = DEFINED (__TEXT_REGION_ORIGIN__)?__TEXT_REGION_ORIGIN__:0x0
                0x00800060                __DATA_REGION_ORIGIN__ = DEFINED (__DATA_REGION_ORIGIN__)?__DATA_REGION_ORIGIN__:0x800060
                0x00020000                __TEXT_REGION_LENGTH__ = DEFINED (__TEXT_REGION_LENGTH__)?__TEXT_REGION_LENGTH__:0x20000
                0x0000ffa0                __DATA_REGION_LENGTH__ = DEFINED (__DATA_REGION_LENGTH__)?__DATA_REGION_LENGTH__:0xffa0
                0x00010000                __EEPROM_REGION_LENGTH__ = DEFINED (__EEPROM_REGION_LENGTH__)?__EEPROM_REGION_LENGTH__:0x10000
                [0x00000003]                __FUSE_REGION_LENGTH__ = DEFINED (__FUSE_REGION_LENGTH__)?__FUSE_REGION_LENGTH__:0x400
                0x00000400                __LOCK_REGION_LENGTH__ = DEFINED (__LOCK_REGION_LENGTH__)?__LOCK_REGION_LENGTH__:0x400
                0x00000400                __SIGNATURE_REGION_LENGTH__ = DEFINED (__SIGNATURE_REGION_LENGTH__)?__SIGNATURE_REGION_LENGTH__:0x400
                0x00000400                __USER_SIGNATURE_REGION_LENGTH__ = DEFINED (__USER_SIGNATURE_REGION_LENGTH__)?__USER_SIGNATURE_REGION_LENGTH__:0x400

.hash
 *(.hash)

.dynsym
 *(.dynsym)

.dynstr
 *(.dynstr)

.gnu.version
 *(.gnu.version)

.gnu.version_d
 *(.gnu.version_d)

.gnu.version_r
 *(.gnu.version_r)

.rel.init
 *(.rel.init)

.rela.init
 *(.rela.init)

.rel.text
 *(.rel.text)
 *(.rel.text.*)
 *(.rel.gnu.linkonce.t*)

.rela.text
 *(.rela.text)
 *(.rela.text.*)
 *(.rela.gnu.linkonce.t*)

.rel.fini
 *(.rel.fini)

.rela.fini
 *(.rela.fini)

.rel.rodata
 *(.rel.rodata)
 *(.rel.rodata.*)
 *(.rel.gnu.linkonce.r*)

.rela.rodata
 *(.rela.rodata)
 *(.rela.rodata.*)
 *(.rela.gnu.linkonce.r*)

.rel.data
 *(.rel.data)
 *(.rel.data.*)
 *(.rel.gnu.linkonce.d*)

.rela.data
 *(.rela.data)
 *(.rela.data.*)
 *(.rela.gnu.linkonce.d*)

.rel.ctors
 *(.rel.ctors)

.rela.ctors
 *(.rela.ctors)

.rel.dtors
 *(.rel.dtors)

.rela.dtors
 *(.rela.dtors)

.rel.got
 *(.rel.got)

.rela.got
 *(.rela.got)

.rel.bss
 *(.rel.bss)

.rela.bss
 *(.rela.bss)

.rel.plt
 *(.rel.plt)

.rela.plt
 *(.rela.plt)

.text           0x00000000     0x1276
 *(.vectors)
 .vectors       0x00000000       0xac D:/AtmelStudio/7.0/Packs/atmel/ATmega_DFP/1.3.300/gcc/dev/atmega32u4/avr5/crtatmega32u4.o
                0x00000000                __vector_default
                0x00000000                __vectors
 *(.vectors)
 *(.progmem.gcc*)
 .progmem.gcc_sw_table._Z12SCSI_Executev
                0x000000ac       0x56 AvrUsbCore.o
 .progmem.gcc_sw_table.__vector_11
                0x00000102       0x14 AvrUsbCore.o
                0x00000116                . = ALIGN (0x2)
                0x00000116                __trampolines_start = .
 *(.trampolines)
 .trampolines   0x00000116        0x0 linker stubs
 *(.trampolines*)
                0x00000116                __trampolines_end = .
 *libprintf_flt.a:*(.progmem.data)
 *libc.a:*(.progmem.data)
 *(.progmem*)
                0x00000116                . = ALIGN (0x2)
 *(.jumptables)
 *(.jumptables*)
 *(.lowtext)
 *(.lowtext*)
                0x00000116                __ctors_start = .
 *(.ctors)
 .ctors         0x00000116        0x2 AvrUsbCore.o
 .ctors         0x00000118        0x2 main.o
                0x0000011a                __ctors_end = .
                0x0000011a                __dtors_start = .
 *(.dtors)
                0x0000011a                __dtors_end = .
 SORT(*)(.ctors)
 SORT(*)(.dtors)
 *(.init0)
 .init0         0x0000011a        0x0 D:/AtmelStudio/7.0/Packs/atmel/ATmega_DFP/1.3.300/gcc/dev/atmega32u4/avr5/crtatmega32u4.o
                0x0000011a                __init
 *(.init0)
 *(.init1)
 *(.init1)
 *(.init2)
 .init2         0x0000011a        0xc D:/AtmelStudio/7.0/Packs/atmel/ATmega_DFP/1.3.300/gcc/dev/atmega32u4/avr5/crtatmega32u4.o
 *(.init2)
 *(.init3)
 *(.init3)
 *(.init4)
 .init4         0x00000126       0x16 d:/atmelstudio/7.0/toolchain/avr8/avr8-gnu-toolchain/bin/../lib/gcc/avr/5.4.0/avr5\libgcc.a(_copy_data.o)
                0x00000126                __do_copy_data
 .init4         0x0000013c       0x10 d:/atmelstudio/7.0/toolchain/avr8/avr8-gnu-toolchain/bin/../lib/gcc/avr/5.4.0/avr5\libgcc.a(_clear_bss.o)
                0x0000013c                __do_clear_bss
 *(.init4)
 *(.init5)
 *(.init5)
 *(.init6)
 .init6         0x0000014c       0x16 d:/atmelstudio/7.0/toolchain/avr8/avr8-gnu-toolchain/bin/../lib/gcc/avr/5.4.0/avr5\libgcc.a(_ctors.o)
                0x0000014c                __do_global_ctors
 *(.init6)
 *(.init7)
 *(.init7)
 *(.init8)
 *(.init8)
 *(.init9)
 .init9         0x00000162        0x8 D:/AtmelStudio/7.0/Packs/atmel/ATmega_DFP/1.3.300/gcc/dev/atmega32u4/avr5/crtatmega32u4.o
 *(.init9)
 *(.text)
 .text          0x0000016a        0x4 D:/AtmelStudio/7.0/Packs/atmel/ATmega_DFP/1.3.300/gcc/dev/atmega32u4/avr5/crtatmega32u4.o
                0x0000016a                __vector_38
                0x0000016a                __vector_22
                0x0000016a                __vector_28
                0x0000016a                __vector_1
                0x0000016a                __vector_32
                0x0000016a                __vector_34
                0x0000016a                __vector_24
                0x0000016a                __vector_12
                0x0000016a                __bad_interrupt
                0x0000016a                __vector_6
                0x0000016a                __vector_31
                0x0000016a                __vector_35
                0x0000016a                __vector_39
                0x0000016a                __vector_3
                0x0000016a                __vector_23
                0x0000016a                __vector_30
                0x0000016a                __vector_25
                0x0000016a                __vector_13
                0x0000016a                __vector_17
                0x0000016a                __vector_19
                0x0000016a                __vector_7
                0x0000016a                __vector_41
                0x0000016a                __vector_27
                0x0000016a                __vector_5
                0x0000016a                __vector_33
                0x0000016a                __vector_37
                0x0000016a                __vector_4
                0x0000016a                __vector_9
                0x0000016a                __vector_2
                0x0000016a                __vector_21
                0x0000016a                __vector_15
                0x0000016a                __vector_36
                0x0000016a                __vector_29
                0x0000016a                __vector_40
                0x0000016a                __vector_8
                0x0000016a                __vector_26
                0x0000016a                __vector_14
                0x0000016a                __vector_16
                0x0000016a                __vector_18
                0x0000016a                __vector_20
                0x0000016a                __vector_42
                0x0000016e                . = ALIGN (0x2)
 *(.text.*)
 .text._Z9sspi_initv
                0x0000016e       0x10 SoftwareSpi.o
                0x0000016e                _Z9sspi_initv
 .text._Z9sspi_sendh
                0x0000017e       0x1a SoftwareSpi.o
                0x0000017e                _Z9sspi_sendh
 .text._Z9sspi_recvv
                0x00000198       0x18 SoftwareSpi.o
                0x00000198                _Z9sspi_recvv
 .text._Z13usb_core_initv
                0x000001b0       0x5c AvrUsbCore.o
                0x000001b0                _Z13usb_core_initv
 .text._Z22ReceivedSetupInterruptv
                0x0000020c        0xc AvrUsbCore.o
                0x0000020c                _Z22ReceivedSetupInterruptv
 .text._Z18InitializeEndpointccc
                0x00000218       0x1e AvrUsbCore.o
                0x00000218                _Z18InitializeEndpointccc
 .text.__vector_10
                0x00000236       0x64 AvrUsbCore.o
                0x00000236                __vector_10
 .text._Z8ReadDataPVcc
                0x0000029a       0x1c AvrUsbCore.o
                0x0000029a                _Z8ReadDataPVcc
 .text._Z11WaitInTokenv
                0x000002b6        0xc AvrUsbCore.o
                0x000002b6                _Z11WaitInTokenv
 .text._Z12WaitOutTokenv
                0x000002c2        0xc AvrUsbCore.o
                0x000002c2                _Z12WaitOutTokenv
 .text._Z9WaitINOUTv
                0x000002ce       0x1a AvrUsbCore.o
                0x000002ce                _Z9WaitINOUTv
 .text._Z19InitControlTransfers
                0x000002e8       0x16 AvrUsbCore.o
                0x000002e8                _Z19InitControlTransfers
 .text._Z19SendControlTransferc
                0x000002fe       0x56 AvrUsbCore.o
                0x000002fe                _Z19SendControlTransferc
 .text._Z22USBSendControlTransfercPKcs
                0x00000354       0x48 AvrUsbCore.o
                0x00000354                _Z22USBSendControlTransfercPKcs
 .text._Z14SendDescriptorP8USBSetup
                0x0000039c       0xe8 AvrUsbCore.o
                0x0000039c                _Z14SendDescriptorP8USBSetup
 .text._Z22USBRecvControlTransferPcs
                0x00000484       0x80 AvrUsbCore.o
                0x00000484                _Z22USBRecvControlTransferPcs
 .text._Z19ClassControlRequestP8USBSetup
                0x00000504      0x184 AvrUsbCore.o
                0x00000504                _Z19ClassControlRequestP8USBSetup
 .text._Z7SendUsbcPKcs
                0x00000688       0x90 AvrUsbCore.o
                0x00000688                _Z7SendUsbcPKcs
 .text._Z12SCSI_Executev
                0x00000718      0x5be AvrUsbCore.o
                0x00000718                _Z12SCSI_Executev
 .text.__vector_11
                0x00000cd6      0x1d6 AvrUsbCore.o
                0x00000cd6                __vector_11
 .text._Z13CDC_Send_DataPKcs
                0x00000eac       0x16 AvrUsbCore.o
                0x00000eac                _Z13CDC_Send_DataPKcs
 .text._GLOBAL__sub_I___vector_10
                0x00000ec2        0x8 AvrUsbCore.o
 .text.main     0x00000eca       0x64 main.o
                0x00000eca                main
 .text._GLOBAL__sub_I_main
                0x00000f2e        0x8 main.o
 .text._Z25sd_spi_driver_sendCommandhmb
                0x00000f36       0xd0 SDCard.o
                0x00000f36                _Z25sd_spi_driver_sendCommandhmb
 .text._Z18sd_spi_driver_initv
                0x00001006      0x1b4 SDCard.o
                0x00001006                _Z18sd_spi_driver_initv
 .text._Z17debug_master_initv
                0x000011ba       0x10 SSpiDebug.o
                0x000011ba                _Z17debug_master_initv
 .text._Z10debug_sendc
                0x000011ca       0x28 SSpiDebug.o
                0x000011ca                _Z10debug_sendc
 .text._Z10debug_sendPKc
                0x000011f2       0x2c SSpiDebug.o
                0x000011f2                _Z10debug_sendPKc
 .text._Z10debug_byteh
                0x0000121e       0x2a SSpiDebug.o
                0x0000121e                _Z10debug_byteh
 .text._Z19debug_usb_interrupth
                0x00001248       0x1e SSpiDebug.o
                0x00001248                _Z19debug_usb_interrupth
 .text.libgcc   0x00001266        0xc d:/atmelstudio/7.0/toolchain/avr8/avr8-gnu-toolchain/bin/../lib/gcc/avr/5.4.0/avr5\libgcc.a(_tablejump2.o)
                0x00001266                __tablejump2__
                0x00001272                . = ALIGN (0x2)
 *(.fini9)
 .fini9         0x00001272        0x0 d:/atmelstudio/7.0/toolchain/avr8/avr8-gnu-toolchain/bin/../lib/gcc/avr/5.4.0/avr5\libgcc.a(_exit.o)
                0x00001272                _exit
                0x00001272                exit
 *(.fini9)
 *(.fini8)
 *(.fini8)
 *(.fini7)
 *(.fini7)
 *(.fini6)
 *(.fini6)
 *(.fini5)
 *(.fini5)
 *(.fini4)
 *(.fini4)
 *(.fini3)
 *(.fini3)
 *(.fini2)
 *(.fini2)
 *(.fini1)
 *(.fini1)
 *(.fini0)
 .fini0         0x00001272        0x4 d:/atmelstudio/7.0/toolchain/avr8/avr8-gnu-toolchain/bin/../lib/gcc/avr/5.4.0/avr5\libgcc.a(_exit.o)
 *(.fini0)
                0x00001276                _etext = .

.data           0x00800100      0x214 load address 0x00001276
                0x00800100                PROVIDE (__data_start, .)
 *(.data)
 *(.data*)
 .data._ZL10mode_sense
                0x00800100        0x4 AvrUsbCore.o
 .data._ZL8capacity
                0x00800104        0x8 AvrUsbCore.o
 .data._ZL10sense_data
                0x0080010c       0x12 AvrUsbCore.o
 .data._ZL12_usbLineInfo
                0x0080011e        0x8 AvrUsbCore.o
 *(.gnu.linkonce.d*)
 *(.rodata)
 *(.rodata*)
 .rodata.str1.1
                0x00800126       0x6a AvrUsbCore.o
                                 0x6d (size before relaxing)
 .rodata._ZL19usb_format_capacity
                0x00800190        0xc AvrUsbCore.o
 .rodata._ZL8inq_resp
                0x0080019c       0x24 AvrUsbCore.o
 .rodata._ZL14_initEndpoints
                0x008001c0        0x7 AvrUsbCore.o
 .rodata._ZL11STRINGS_SET
                0x008001c7       0x40 AvrUsbCore.o
 .rodata._ZL15STRING_LANGUAGE
                0x00800207        0x4 AvrUsbCore.o
 .rodata._ZL16DeviceDescriptor
                0x0080020b       0x12 AvrUsbCore.o
 .rodata._ZL23ConfigurationDescriptor
                0x0080021d        0x9 AvrUsbCore.o
 .rodata._ZL27ConfigurationDescriptorPlus
                0x00800226       0x61 AvrUsbCore.o
 .rodata.str1.1
                0x00800287       0x1f main.o
                                 0x21 (size before relaxing)
 .rodata.str1.1
                0x008002a6       0x5c SSpiDebug.o
 .rodata._ZZ10debug_bytehE4sign
                0x00800302       0x11 SSpiDebug.o
 *(.gnu.linkonce.r*)
                0x00800314                . = ALIGN (0x2)
 *fill*         0x00800313        0x1 
                0x00800314                _edata = .
                0x00800314                PROVIDE (__data_end, .)

.bss            0x00800314       0x15
                0x00800314                PROVIDE (__bss_start, .)
 *(.bss)
 *(.bss*)
 .bss._ZL5_cend
                0x00800314        0x2 AvrUsbCore.o
 .bss._ZL6_cmark
                0x00800316        0x2 AvrUsbCore.o
 .bss._ZL14_cdcBreakValue
                0x00800318        0x2 AvrUsbCore.o
 .bss._ZL11wdtcsr_save
                0x0080031a        0x1 AvrUsbCore.o
 .bss._ZL9USB_STATE
                0x0080031b        0x4 AvrUsbCore.o
 .bss._ZL9USB_STATE
                0x0080031f        0x4 main.o
 .bss._ZL12SDCARD_STATE
                0x00800323        0x6 SDCard.o
 *(COMMON)
                0x00800329                PROVIDE (__bss_end, .)
                0x00001276                __data_load_start = LOADADDR (.data)
                0x0000148a                __data_load_end = (__data_load_start + SIZEOF (.data))

.noinit         0x00800329        0x0
                [!provide]                PROVIDE (__noinit_start, .)
 *(.noinit*)
                [!provide]                PROVIDE (__noinit_end, .)
                0x00800329                _end = .
                [!provide]                PROVIDE (__heap_start, .)

.eeprom         0x00810000        0x0
 *(.eeprom*)
                0x00810000                __eeprom_end = .

.fuse
 *(.fuse)
 *(.lfuse)
 *(.hfuse)
 *(.efuse)

.lock
 *(.lock*)

.signature
 *(.signature*)

.user_signatures
 *(.user_signatures*)

.stab
 *(.stab)

.stabstr
 *(.stabstr)

.stab.excl
 *(.stab.excl)

.stab.exclstr
 *(.stab.exclstr)

.stab.index
 *(.stab.index)

.stab.indexstr
 *(.stab.indexstr)

.comment        0x00000000       0x30
 *(.comment)
 .comment       0x00000000       0x30 SoftwareSpi.o
                                 0x31 (size before relaxing)
 .comment       0x00000030       0x31 AvrUsbCore.o
 .comment       0x00000030       0x31 main.o
 .comment       0x00000030       0x31 SDCard.o
 .comment       0x00000030       0x31 SSpiDebug.o

.note.gnu.avr.deviceinfo
                0x00000000       0x40
 .note.gnu.avr.deviceinfo
                0x00000000       0x40 D:/AtmelStudio/7.0/Packs/atmel/ATmega_DFP/1.3.300/gcc/dev/atmega32u4/avr5/crtatmega32u4.o

.note.gnu.build-id
 *(.note.gnu.build-id)

.debug
 *(.debug)

.line
 *(.line)

.debug_srcinfo
 *(.debug_srcinfo)

.debug_sfnames
 *(.debug_sfnames)

.debug_aranges  0x00000000      0x1d0
 *(.debug_aranges)
 .debug_aranges
                0x00000000       0x38 SoftwareSpi.o
 .debug_aranges
                0x00000038       0xe8 AvrUsbCore.o
 .debug_aranges
                0x00000120       0x28 main.o
 .debug_aranges
                0x00000148       0x38 SDCard.o
 .debug_aranges
                0x00000180       0x50 SSpiDebug.o

.debug_pubnames
 *(.debug_pubnames)

.debug_info     0x00000000     0x454b
 *(.debug_info .gnu.linkonce.wi.*)
 .debug_info    0x00000000      0x9f4 D:/AtmelStudio/7.0/Packs/atmel/ATmega_DFP/1.3.300/gcc/dev/atmega32u4/avr5/crtatmega32u4.o
 .debug_info    0x000009f4      0x125 SoftwareSpi.o
 .debug_info    0x00000b19     0x220d AvrUsbCore.o
 .debug_info    0x00002d26      0xd1e main.o
 .debug_info    0x00003a44      0x699 SDCard.o
 .debug_info    0x000040dd      0x46e SSpiDebug.o

.debug_abbrev   0x00000000     0x140a
 *(.debug_abbrev)
 .debug_abbrev  0x00000000      0x96a D:/AtmelStudio/7.0/Packs/atmel/ATmega_DFP/1.3.300/gcc/dev/atmega32u4/avr5/crtatmega32u4.o
 .debug_abbrev  0x0000096a       0xb9 SoftwareSpi.o
 .debug_abbrev  0x00000a23      0x47e AvrUsbCore.o
 .debug_abbrev  0x00000ea1      0x291 main.o
 .debug_abbrev  0x00001132      0x1a1 SDCard.o
 .debug_abbrev  0x000012d3      0x137 SSpiDebug.o

.debug_line     0x00000000     0x1798
 *(.debug_line .debug_line.* .debug_line_end)
 .debug_line    0x00000000      0x199 D:/AtmelStudio/7.0/Packs/atmel/ATmega_DFP/1.3.300/gcc/dev/atmega32u4/avr5/crtatmega32u4.o
 .debug_line    0x00000199      0x136 SoftwareSpi.o
 .debug_line    0x000002cf      0xcfe AvrUsbCore.o
 .debug_line    0x00000fcd      0x199 main.o
 .debug_line    0x00001166      0x3ec SDCard.o
 .debug_line    0x00001552      0x246 SSpiDebug.o

.debug_frame    0x00000000      0x598
 *(.debug_frame)
 .debug_frame   0x00000000       0x54 SoftwareSpi.o
 .debug_frame   0x00000054      0x358 AvrUsbCore.o
 .debug_frame   0x000003ac       0x34 main.o
 .debug_frame   0x000003e0       0xd4 SDCard.o
 .debug_frame   0x000004b4       0xe4 SSpiDebug.o

.debug_str      0x00000000     0x11c8
 *(.debug_str)
 .debug_str     0x00000000      0x371 D:/AtmelStudio/7.0/Packs/atmel/ATmega_DFP/1.3.300/gcc/dev/atmega32u4/avr5/crtatmega32u4.o
 .debug_str     0x00000371      0x1c3 SoftwareSpi.o
                                0x1fc (size before relaxing)
 .debug_str     0x00000534      0xaed AvrUsbCore.o
                                0xe39 (size before relaxing)
 .debug_str     0x00001021       0x76 main.o
                                0x911 (size before relaxing)
 .debug_str     0x00001097       0xbc SDCard.o
                                0x37d (size before relaxing)
 .debug_str     0x00001153       0x75 SSpiDebug.o
                                0x2c9 (size before relaxing)

.debug_loc      0x00000000     0x20c9
 *(.debug_loc)
 .debug_loc     0x00000000       0xbf SoftwareSpi.o
 .debug_loc     0x000000bf     0x13d2 AvrUsbCore.o
 .debug_loc     0x00001491       0x8f main.o
 .debug_loc     0x00001520      0x7d2 SDCard.o
 .debug_loc     0x00001cf2      0x3d7 SSpiDebug.o

.debug_macinfo
 *(.debug_macinfo)

.debug_weaknames
 *(.debug_weaknames)

.debug_funcnames
 *(.debug_funcnames)

.debug_typenames
 *(.debug_typenames)

.debug_varnames
 *(.debug_varnames)

.debug_pubtypes
 *(.debug_pubtypes)

.debug_ranges   0x00000000      0x250
 *(.debug_ranges)
 .debug_ranges  0x00000000       0x28 SoftwareSpi.o
 .debug_ranges  0x00000028      0x1a8 AvrUsbCore.o
 .debug_ranges  0x000001d0       0x18 main.o
 .debug_ranges  0x000001e8       0x28 SDCard.o
 .debug_ranges  0x00000210       0x40 SSpiDebug.o

.debug_macro
 *(.debug_macro)
OUTPUT(UsbMsc.elf elf32-avr)
LOAD linker stubs
